// Jest Snapshot v1, https://goo.gl/fbAQLP

exports[`EntryList component should render CTA if there are no entries yet 1`] = `
<ScrollView>
  <View
    style={
      Object {
        "left": 10,
        "top": 10,
      }
    }
  >
    <Text
      accessible={true}
      allowFontScaling={true}
      ellipsizeMode="tail"
      style={
        Object {
          "fontSize": 15,
        }
      }
    >
      Hmm, Looks like you have no entries yet.
    </Text>
    <Text
      accessible={true}
      allowFontScaling={true}
      ellipsizeMode="tail"
      style={
        Object {
          "fontSize": 15,
        }
      }
    >
      Hit the add button below to get started!
    </Text>
  </View>
</ScrollView>
`;

exports[`EntryList component should render entries if there are any 1`] = `
<ScrollView>
  <List>
    <ListItem
      chevronColor="#bdc6cf"
      disabled={false}
      hideChevron={false}
      key="md391"
      leftIconUnderlayColor="white"
      onPress={[Function]}
      rightIcon={
        Object {
          "name": "chevron-right",
        }
      }
      rightTitleNumberOfLines={1}
      roundAvatar={false}
      subtitleNumberOfLines={1}
      switchButton={false}
      textInputEditable={true}
      title="Bank 1"
      titleNumberOfLines={1}
      underlayColor="white"
    />
    <ListItem
      chevronColor="#bdc6cf"
      disabled={false}
      hideChevron={false}
      key="krni8"
      leftIconUnderlayColor="white"
      onPress={[Function]}
      rightIcon={
        Object {
          "name": "chevron-right",
        }
      }
      rightTitleNumberOfLines={1}
      roundAvatar={false}
      subtitleNumberOfLines={1}
      switchButton={false}
      textInputEditable={true}
      title="Bank 2"
      titleNumberOfLines={1}
      underlayColor="white"
    />
    <ListItem
      chevronColor="#bdc6cf"
      disabled={false}
      hideChevron={false}
      key="jr278"
      leftIconUnderlayColor="white"
      onPress={[Function]}
      rightIcon={
        Object {
          "name": "chevron-right",
        }
      }
      rightTitleNumberOfLines={1}
      roundAvatar={false}
      subtitleNumberOfLines={1}
      switchButton={false}
      textInputEditable={true}
      title="Bank 3"
      titleNumberOfLines={1}
      underlayColor="white"
    />
  </List>
</ScrollView>
`;
